mon                     26-Jul-91 14:53:00  Hunk Section                Page 1-1

 num hunk         size filename         punit    type         base  alv
   0              52c4 mon_main.o       <noname> code            0    0
                       assemble.o       <noname> code          de4    0
                       disassemble.o    <noname> code         1f54    0
                       disk_io.o        <noname> code         2b1c    0
                       eval.o           <noname> code         2dd0    0
                       execute.o        <noname> code         333c    0
                       memory.o         <noname> code         3a10    0
                       mon_dos.o        <noname> code         3e68    0
                       mon_io.o         <noname> code         423c    0
                       mon_util.o       <noname> code         463c    0
                       registers.o      <noname> code         4998    0
                       sound.o          <noname> code         4af8    0
                       variables.o      <noname> code         4c20    0
                       misc_cmd.o       <noname> code         4e18    0
                       mon_misc.o       <noname> code         5130    0
